JSCompiler_StaticMethods_assoc_BANG_:lf
JSCompiler_StaticMethods_cljs$core$ITransientVector$_assoc_n_BANG_$arity$3:we
JSCompiler_StaticMethods_sval:nd
JSCompiler_prototypeAlias:g
L 0:a
L 1:b
L 10:n
L 11:q
L 12:u
L 13:x
L 14:A
L 15:F
L 16:H
L 17:M
L 18:S
L 19:aa
L 2:c
L 20:na
L 21:ya
L 22:Cf
L 3:d
L 4:e
L 5:f
L 6:h
L 7:k
L 8:l
L 9:m
app$button$button:Nj
app$core$body:ii
app$descCard$dCard:Qj
app$header$open_hambg:Oj
app$header$open_hambg__GT_change_state:Pj
app$pricingCard$pricingCard:Rj
app$slide$slide:Vj
app$slider$slider:Xj
app$slider$slides:Wj
app$tab$change__GT_Annul:Uj
app$tab$change__GT_Month:Tj
app$tab$display:Sj
cljs:la
cljs$core:ma
cljs$core$ArrayChunk:pd
cljs$core$ArrayNode:Ve
cljs$core$ArrayNodeIterator:Ze
cljs$core$ArrayNodeSeq:ff
cljs$core$Atom:Nd
cljs$core$BitmapIndexedNode:Re
cljs$core$BitmapIndexedNode$EMPTY:Ue
cljs$core$Box:Ke
cljs$core$ChunkBuffer:od
cljs$core$ChunkedCons:qd
cljs$core$ChunkedSeq:se
cljs$core$Cons:id
cljs$core$ES6EntriesIterator:Ae
cljs$core$ES6Iterator:ec
cljs$core$ES6IteratorSeq:gc
cljs$core$ES6SetEntriesIterator:Be
cljs$core$EmptyList:hd
cljs$core$Fn:Fa
cljs$core$HashCollisionNode:cf
cljs$core$HashMapIter:hf
cljs$core$HashSetIter:sf
cljs$core$IAssociative:Va
cljs$core$ICollection:La
cljs$core$ICounted:Ha
cljs$core$IEmptyableCollection:Ja
cljs$core$IEncodeJS:Pf
cljs$core$IFn:Ga
cljs$core$IIndexed:Na
cljs$core$IIndexed$_nth$dyn_19820:Oa
cljs$core$IIterable:Mb
cljs$core$IKVReduce:ob
cljs$core$IList:vb
cljs$core$ILookup:Sa
cljs$core$ILookup$_lookup$dyn_19833:Ua
cljs$core$IMap:Za
cljs$core$IMeta:ib
cljs$core$INext:Ra
cljs$core$IPrintWithWriter:xb
cljs$core$IRecord:wb
cljs$core$IReduce:lb
cljs$core$IReduce$_reduce$dyn_19859:nb
cljs$core$ISeq:Pa
cljs$core$ISeqable:sb
cljs$core$ISequential:ub
cljs$core$ISet:cb
cljs$core$ISwap$_swap_BANG_$dyn_19894:Lb
cljs$core$ITER_SYMBOL:Aa
cljs$core$IVector:gb
cljs$core$IndexedSeq:I
cljs$core$IndexedSeqIterator:wc
cljs$core$KeySeq:mf
cljs$core$Keyword:E
cljs$core$LazySeq:md
cljs$core$List:Bc
cljs$core$List$EMPTY:K
cljs$core$MapEntry:fe
cljs$core$MetaFn:Gc
cljs$core$NeverEquiv:xe
cljs$core$NodeIterator:Qe
cljs$core$NodeSeq:df
cljs$core$PROTOCOL_SENTINEL:r
cljs$core$PersistentArrayMap:ra
cljs$core$PersistentArrayMap$EMPTY:Jd
cljs$core$PersistentArrayMap$HASHMAP_THRESHOLD:He
cljs$core$PersistentArrayMapIterator:De
cljs$core$PersistentArrayMapSeq:Ce
cljs$core$PersistentHashMap:jf
cljs$core$PersistentHashMap$EMPTY:Ie
cljs$core$PersistentHashSet:tf
cljs$core$PersistentHashSet$EMPTY:vf
cljs$core$PersistentVector:Y
cljs$core$PersistentVector$EMPTY:Ac
cljs$core$PersistentVector$EMPTY_NODE:ge
cljs$core$PersistentVector$fromArray:me
cljs$core$RangedIterator:ce
cljs$core$Reduced:mc
cljs$core$StringBufferWriter:Ob
cljs$core$Symbol:$b
cljs$core$TransientArrayMap:Ge
cljs$core$TransientHashMap:kf
cljs$core$TransientHashSet:uf
cljs$core$TransientVector:he
cljs$core$ValSeq:nf
cljs$core$VectorNode:Td
cljs$core$_EQ_:O
cljs$core$_STAR_print_level_STAR_:pa
cljs$core$__destructure_map:Gd
cljs$core$_add_watch:zb
cljs$core$_as_transient:Cb
cljs$core$_assoc:Xa
cljs$core$_assoc_BANG_:Fb
cljs$core$_chunked_first:Hb
cljs$core$_chunked_rest:Ib
cljs$core$_clj__GT_js:Qf
cljs$core$_conj:Ma
cljs$core$_conj_BANG_:Db
cljs$core$_contains_key_QMARK_:Wa
cljs$core$_count:Ia
cljs$core$_deref:hb
cljs$core$_disjoin:db
cljs$core$_dissoc:$a
cljs$core$_drop_first:Gb
cljs$core$_empty:Ka
cljs$core$_equiv:qb
cljs$core$_find:Ya
cljs$core$_first:B
cljs$core$_hash:rb
cljs$core$_indexOf$cljs$0core$0IFn$0_invoke$0arity$03:P
cljs$core$_iterator:Nb
cljs$core$_key:ab
cljs$core$_kv_reduce:pb
cljs$core$_lastIndexOf$cljs$0core$0IFn$0_invoke$0arity$03:R
cljs$core$_lookup:Ta
cljs$core$_meta:jb
cljs$core$_nth:z
cljs$core$_peek:eb
cljs$core$_persistent_BANG_:Eb
cljs$core$_pop:fb
cljs$core$_pr_writer:yb
cljs$core$_reduce:mb
cljs$core$_remove_watch:Bb
cljs$core$_reset_BANG_:Jb
cljs$core$_rest:Qa
cljs$core$_seq:tb
cljs$core$_swap_BANG_:Kb
cljs$core$_val:bb
cljs$core$_with_meta:kb
cljs$core$_write:C
cljs$core$aclone:Ba
cljs$core$apply:Hc
cljs$core$apply$cljs$0core$0IFn$0_invoke$0arity$02:Cd
cljs$core$apply$cljs$0core$0IFn$0_invoke$0arity$03:Dd
cljs$core$apply$cljs$0core$0IFn$0_invoke$0arity$05:Ed
cljs$core$apply$cljs$0core$0IFn$0_invoke$0arity$0variadic:Fd
cljs$core$apply_to:wd
cljs$core$apply_to_simple$cljs$0core$0IFn$0_invoke$0arity$03:yd
cljs$core$apply_to_simple$cljs$0core$0IFn$0_invoke$0arity$04:zd
cljs$core$apply_to_simple$cljs$0core$0IFn$0_invoke$0arity$05:Ad
cljs$core$apply_to_simple$cljs$0core$0IFn$0_invoke$0arity$06:Bd
cljs$core$array_QMARK_:xa
cljs$core$array__GT_transient_hash_map:Je
cljs$core$array_copy:Tc
cljs$core$array_for:$d
cljs$core$array_index_of:Dc
cljs$core$array_reduce$cljs$0core$0IFn$0_invoke$0arity$02:pc
cljs$core$array_reduce$cljs$0core$0IFn$0_invoke$0arity$03:qc
cljs$core$array_reduce$cljs$0core$0IFn$0_invoke$0arity$04:rc
cljs$core$assoc:V
cljs$core$bit_count:gd
cljs$core$boolean$0:Vc
cljs$core$bounded_count:td
cljs$core$char_escapes:Bf
cljs$core$chunk_append:sd
cljs$core$chunk_buffer:ki
cljs$core$chunk_cons:rd
cljs$core$chunked_seq:le
cljs$core$chunked_seq$cljs$0core$0IFn$0_invoke$0arity$04:ke
cljs$core$chunked_seq$cljs$0core$0IFn$0_invoke$0arity$05:te
cljs$core$chunked_seq_QMARK_:Sc
cljs$core$clj__GT_js:Sf
cljs$core$clone_and_set$cljs$0core$0IFn$0_invoke$0arity$03:Me
cljs$core$coll_QMARK_:Mc
cljs$core$conj:zc
cljs$core$conj_BANG_:vd
cljs$core$cons:T
cljs$core$contains_QMARK_:Xc
cljs$core$count:Q
cljs$core$counted_QMARK_:sc
cljs$core$create_array_node_seq:af
cljs$core$create_array_node_seq$cljs$0core$0IFn$0_invoke$0arity$01:$e
cljs$core$create_array_node_seq$cljs$0core$0IFn$0_invoke$0arity$03:gf
cljs$core$create_inode_seq:Te
cljs$core$create_inode_seq$cljs$0core$0IFn$0_invoke$0arity$01:Se
cljs$core$create_inode_seq$cljs$0core$0IFn$0_invoke$0arity$03:ef
cljs$core$create_node:Xe
cljs$core$create_node$cljs$0core$0IFn$0_invoke$0arity$06:Ye
cljs$core$create_node$cljs$0core$0IFn$0_invoke$0arity$07:We
cljs$core$deref:oc
cljs$core$disj:Kc
cljs$core$dissoc:Ec
cljs$core$do_assoc:ae
cljs$core$drop$cljs$0core$0IFn$0_invoke$0arity$02:Qd
cljs$core$drop_last$cljs$0core$0IFn$0_invoke$0arity$02:Rd
cljs$core$edit_and_set$cljs$0core$0IFn$0_invoke$0arity$04:Oe
cljs$core$empty_QMARK_:Lc
cljs$core$empty_ordered_hash:ic
cljs$core$empty_unordered_hash:kc
cljs$core$equiv_map:ze
cljs$core$equiv_sequential:xc
cljs$core$es6_iterator:fc
cljs$core$es6_iterator_seq:cc
cljs$core$every_QMARK_:Kd
cljs$core$first:J
cljs$core$fn_QMARK_:Fc
cljs$core$gensym_counter:Of
cljs$core$get:D
cljs$core$hash:Yb
cljs$core$hash_collision_node_find_index:bf
cljs$core$hash_combine:Zb
cljs$core$hash_map:Hd
cljs$core$hash_ordered_coll:hc
cljs$core$hash_string:Xb
cljs$core$hash_unordered_coll:jc
cljs$core$identity:dd
cljs$core$ifn_QMARK_:Wc
cljs$core$imul:Qb
cljs$core$inc:lc
cljs$core$indexed_QMARK_:tc
cljs$core$inode_kv_reduce:Pe
cljs$core$into:Sd
cljs$core$into_array$cljs$0core$0IFn$0_invoke$0arity$02:Ca
cljs$core$iter_reduce$cljs$0core$0IFn$0_invoke$0arity$02:$c
cljs$core$iter_reduce$cljs$0core$0IFn$0_invoke$0arity$03:ad
cljs$core$iterable_QMARK_:bc
cljs$core$keep$cljs$0core$0IFn$0_invoke$0arity$02:Md
cljs$core$key:pe
cljs$core$key__GT_js$cljs$0core$0IFn$0_invoke$0arity$02:Rf
cljs$core$key_test:Le
cljs$core$keys:Ee
cljs$core$keyword:ld
cljs$core$keyword_identical_QMARK_:jd
cljs$core$lift_ns:Lf
cljs$core$linear_traversal_nth$cljs$0core$0IFn$0_invoke$0arity$03:Cc
cljs$core$lookup_sentinel:Uc
cljs$core$m3_fmix:Tb
cljs$core$m3_hash_unencoded_chars:Ub
cljs$core$m3_mix_H1:Sb
cljs$core$m3_mix_K1:Rb
cljs$core$map:X
cljs$core$map_QMARK_:Pc
cljs$core$map_entry_QMARK_:oe
cljs$core$merge:of
cljs$core$meta:Jc
cljs$core$missing_protocol:w
cljs$core$name:W
cljs$core$namespace:kd
cljs$core$native_satisfies_QMARK_:v
cljs$core$never_equiv:ye
cljs$core$new_path:Xd
cljs$core$next:N
cljs$core$next_STAR_:xd
cljs$core$nil_iter:Id
cljs$core$not:ji
cljs$core$nth:vc
cljs$core$nth$cljs$0core$0IFn$0_invoke$0arity$02:uc
cljs$core$nth$cljs$0core$0IFn$0_invoke$0arity$03:U
cljs$core$pop_tail:be
cljs$core$pr_opts:qa
cljs$core$pr_sequential_writer:yf
cljs$core$pr_str_STAR_:Pb
cljs$core$pr_str_with_opts:Jf
cljs$core$pr_writer:Z
cljs$core$pr_writer_impl:Ff
cljs$core$prim_seq$cljs$0core$0IFn$0_invoke$0arity$02:yc
cljs$core$print_map:Gf
cljs$core$print_meta_QMARK_:Ef
cljs$core$print_prefix_map:Mf
cljs$core$push_tail:Yd
cljs$core$pv_clone_node:Vd
cljs$core$pv_fresh_node:Ud
cljs$core$pv_reduce$cljs$0core$0IFn$0_invoke$0arity$04:de
cljs$core$pv_reduce$cljs$0core$0IFn$0_invoke$0arity$05:ee
cljs$core$quot:fd
cljs$core$quote_string:Df
cljs$core$re_matches:xf
cljs$core$record_QMARK_:Qc
cljs$core$reduce:Ea
cljs$core$reduce$cljs$0core$0IFn$0_invoke$0arity$02:bd
cljs$core$reduce$cljs$0core$0IFn$0_invoke$0arity$03:Da
cljs$core$reduce_kv:cd
cljs$core$reduced_QMARK_:nc
cljs$core$remove_pair:Ne
cljs$core$reset_BANG_:Od
cljs$core$rest:dc
cljs$core$select_keys:pf
cljs$core$seq:G
cljs$core$seq_reduce$cljs$0core$0IFn$0_invoke$0arity$02:Yc
cljs$core$seq_reduce$cljs$0core$0IFn$0_invoke$0arity$03:Zc
cljs$core$sequential_QMARK_:Oc
cljs$core$set:wf
cljs$core$set_QMARK_:Nc
cljs$core$some:Ld
cljs$core$spread:ud
cljs$core$str:y
cljs$core$string_hash_cache:Vb
cljs$core$string_hash_cache_count:Wb
cljs$core$strip_ns:Kf
cljs$core$swap_BANG_:Pd
cljs$core$symbol:ac
cljs$core$t_cljs$0core18772:oa
cljs$core$tail_off:Wd
cljs$core$transduce$cljs$0core$0IFn$0_invoke$0arity$04:ed
cljs$core$truth_:t
cljs$core$tv_editable_root:ie
cljs$core$tv_editable_tail:je
cljs$core$tv_ensure_editable:ue
cljs$core$tv_push_tail:ve
cljs$core$type__GT_str:za
cljs$core$unchecked_array_for:Zd
cljs$core$val:qe
cljs$core$vals:Fe
cljs$core$vec:ne
cljs$core$vector:re
cljs$core$vector_QMARK_:Rc
cljs$core$with_meta:Ic
cljs$core$write_all$cljs$0core$0IFn$0_invoke$0arity$0variadic:Af
cljs$cst$keyword$_LT__GT_:kg
cljs$cst$keyword$a:jj
cljs$cst$keyword$a_DOT_link_DASH_sub:Gj
cljs$cst$keyword$a_DOT_logo:cg
cljs$cst$keyword$alt:Ai
cljs$cst$keyword$alt_DASH_impl:Hf
cljs$cst$keyword$auto_DASH_run:Vf
cljs$cst$keyword$br:zi
cljs$cst$keyword$button:qi
cljs$cst$keyword$button_DOT_try_DASH_for_DASH_free_DASH_btn:Vi
cljs$cst$keyword$childContextTypes:ag
cljs$cst$keyword$class:bg
cljs$cst$keyword$cljsLegacyRender:eg
cljs$cst$keyword$cljs_DOT_core_SLASH_not_DASH_found:rf
cljs$cst$keyword$color:Ei
cljs$cst$keyword$commentDescription:Ri
cljs$cst$keyword$commnetTitle:gj
cljs$cst$keyword$componentWillUnmount:qg
cljs$cst$keyword$component_DASH_did_DASH_update:mg
cljs$cst$keyword$component_DASH_will_DASH_unmount:yg
cljs$cst$keyword$constructor:$f
cljs$cst$keyword$contextType:rg
cljs$cst$keyword$contextTypes:vg
cljs$cst$keyword$display:Li
cljs$cst$keyword$displayName:Xf
cljs$cst$keyword$display_DASH_name:ug
cljs$cst$keyword$div:pj
cljs$cst$keyword$div_DOT_bar1:yj
cljs$cst$keyword$div_DOT_bar2:Bj
cljs$cst$keyword$div_DOT_bar3:Cj
cljs$cst$keyword$div_DOT_designed_DASH_built_DASH_by:lj
cljs$cst$keyword$div_DOT_designed_DASH_built_DASH_by_DASH_text:Yi
cljs$cst$keyword$div_DOT_feature_DASH_content:xj
cljs$cst$keyword$div_DOT_feature_DASH_text:wi
cljs$cst$keyword$div_DOT_header_DASH_content:lg
cljs$cst$keyword$div_DOT_header_DASH_main:Mj
cljs$cst$keyword$div_DOT_header_DASH_main_DASH_text:Pi
cljs$cst$keyword$div_DOT_header_DASH_main_DASH_text_DASH_buttons:zj
cljs$cst$keyword$div_DOT_pricing_DASH_card:yi
cljs$cst$keyword$div_DOT_pricing_DASH_card_DASH_buttom:kj
cljs$cst$keyword$div_DOT_pricing_DASH_card_DASH_top:Ii
cljs$cst$keyword$div_DOT_pricing_DASH_cards:Ki
cljs$cst$keyword$div_DOT_slider:tj
cljs$cst$keyword$div_DOT_slider_DASH_item_DASH_footer:Ji
cljs$cst$keyword$div_DOT_slider_DASH_item_DASH_footer_DASH_user:sj
cljs$cst$keyword$div_DOT_slider_DASH_item_DASH_navigation_DASH_buttons:aj
cljs$cst$keyword$div_DOT_slider_DASH_item_DASH_star_DASH_rait:ni
cljs$cst$keyword$div_DOT_slider_DASH_item_DASH_user_DASH_personal_DASH_info:Dj
cljs$cst$keyword$div_DOT_slider_DASH_items:Qi
cljs$cst$keyword$div_DOT_smart_DASH_jackpot:vi
cljs$cst$keyword$div_DOT_smart_DASH_jackpot_DASH_cards:Fi
cljs$cst$keyword$div_DOT_smart_DASH_jackpot_DASH_header:vj
cljs$cst$keyword$div_DOT_tab:dj
cljs$cst$keyword$div_DOT_tabcontent:rj
cljs$cst$keyword$div_DOT_testimonila_DASH_main_DASH_content:bj
cljs$cst$keyword$div_DOT_testmonila:oj
cljs$cst$keyword$div_DOT_top_DASH_trusted_DASH_companies:Fj
cljs$cst$keyword$div_DOT_ultimate_DASH_features_DASH_that_DASH_we_DASH_built:Mi
cljs$cst$keyword$div_DOT_ultimate_DASH_features_DASH_that_DASH_we_DASH_built_DASH_text:Aj
cljs$cst$keyword$div_DOT_why_DASH_choose_DASH_us_DASH_cards:nj
cljs$cst$keyword$div_DOT_why_DASH_choose_DASH_us_DASH_header:fj
cljs$cst$keyword$dup:va
cljs$cst$keyword$fallback_DASH_impl:If
cljs$cst$keyword$flush_DASH_on_DASH_newline:sa
cljs$cst$keyword$getDerivedStateFromError:Zf
cljs$cst$keyword$getDerivedStateFromProps:sg
cljs$cst$keyword$getInitialState:hg
cljs$cst$keyword$h2_DOT_testimonila_DASH_main_DASH_content_DASH_header_DASH_title:hj
cljs$cst$keyword$h2_DOT_why_DASH_choose_DASH_us_DASH_header_DASH_title:qj
cljs$cst$keyword$h5_DOT_header_DASH_sub:mi
cljs$cst$keyword$h5_DOT_slider_DASH_item_DASH_header:Oi
cljs$cst$keyword$h5_DOT_slider_DASH_item_DASH_user_DASH_personal_DASH_info_DASH_header:Hj
cljs$cst$keyword$header_DOT_header:Wf
cljs$cst$keyword$hr_DOT_vertical:Ci
cljs$cst$keyword$href:zg
cljs$cst$keyword$i:ij
cljs$cst$keyword$id:xg
cljs$cst$keyword$img:Gi
cljs$cst$keyword$img_DOT_designed_DASH_built_DASH_by_DASH_img:xi
cljs$cst$keyword$img_DOT_feature_DASH_phone:cj
cljs$cst$keyword$img_DOT_header_DASH_main_DASH_phone_DASH_pict:ui
cljs$cst$keyword$img_DOT_slider_DASH_item_DASH_user_DASH_pict:mj
cljs$cst$keyword$img_DOT_testimonila_DASH_picture:wj
cljs$cst$keyword$img_DOT_ultimate_DASH_features_DASH_that_DASH_we_DASH_built_DASH_phone:Xi
cljs$cst$keyword$key:pg
cljs$cst$keyword$keyword_DASH_fn:Tf
cljs$cst$keyword$link:pi
cljs$cst$keyword$meta:ua
cljs$cst$keyword$more_DASH_marker:zf
cljs$cst$keyword$name:gg
cljs$cst$keyword$nav_DOT_navbar:dg
cljs$cst$keyword$no_DASH_cache:jg
cljs$cst$keyword$on_DASH_click:Bi
cljs$cst$keyword$on_DASH_dispose:Yf
cljs$cst$keyword$on_DASH_set:ig
cljs$cst$keyword$on_DASH_write:og
cljs$cst$keyword$p_DOT_feature_DASH_text_DASH_header:ej
cljs$cst$keyword$p_DOT_header_DASH_main_DASH_text_DASH_1_DASH_editiors_DASH_choice:Ti
cljs$cst$keyword$p_DOT_header_DASH_main_DASH_text_DASH_best_DASH_app_DASH_for:Si
cljs$cst$keyword$p_DOT_pricing_DASH_card_DASH_top_DASH_price_DASH_month:Wi
cljs$cst$keyword$p_DOT_slider_DASH_item_DASH_description:$i
cljs$cst$keyword$p_DOT_smart_DASH_jackpot_DASH_header_DASH_description:ri
cljs$cst$keyword$p_DOT_smart_DASH_jackpot_DASH_header_DASH_title:Lj
cljs$cst$keyword$p_DOT_testimonila_DASH_main_DASH_content_DASH_header_DASH_description:Zi
cljs$cst$keyword$p_DOT_text_DASH_sub:oi
cljs$cst$keyword$p_DOT_top_DASH_header:uj
cljs$cst$keyword$p_DOT_ultimate_DASH_features_DASH_that_DASH_we_DASH_built_DASH_text_DASH_header:li
cljs$cst$keyword$p_DOT_ultimate_DASH_features_DASH_that_DASH_we_DASH_built_DASH_text_DASH_sub:Kj
cljs$cst$keyword$p_DOT_why_DASH_choose_DASH_us_DASH_header_DASH_description:si
cljs$cst$keyword$print_DASH_length:wa
cljs$cst$keyword$rait:ti
cljs$cst$keyword$readably:ta
cljs$cst$keyword$reagentRender:fg
cljs$cst$keyword$reagent_DASH_render:ng
cljs$cst$keyword$render:Uf
cljs$cst$keyword$shouldComponentUpdate:wg
cljs$cst$keyword$span_DOT_pricing_DASH_card_DASH_top_DASH_price:Ui
cljs$cst$keyword$src:Ni
cljs$cst$keyword$style:Jj
cljs$cst$keyword$type:Ij
cljs$cst$keyword$userIncumbency:Ej
cljs$cst$keyword$userName:Hi
cljs$cst$keyword$userPict:Di
cljs$cst$keyword$val:Nf
cljs$cst$keyword$validator:tg
clojure$set$difference:ch
clojure$string$join$cljs$0core$0IFn$0_invoke$0arity$02:Jg
clojure$string$replace:Ig
clojure$string$replace_all:Gg
clojure$string$replace_with:Hg
clojure$string$split$cljs$0core$0IFn$0_invoke$0arity$03:Kg
goog$UID_PROPERTY_:da
goog$getUid:ca
goog$global:ba
goog$object$PROTOTYPE_FIELDS_:ia
goog$object$extend:ja
goog$object$get:ha
goog$object$getKeys:fa
goog$string$StringBuffer:ka
goog$typeOf:p
goog$uidCounter_:ea
module$node_modules$react$index:Eg
module$node_modules$react_dom$index:Fg
reagent$dom$render$cljs$0core$0IFn$0_invoke$0arity$03:hi
reagent$dom$render_comp:gi
reagent$dom$roots:fi
reagent$impl$batching$RenderQueue:$g
reagent$impl$batching$compare_mount_order:Wg
reagent$impl$batching$enqueue:Zg
reagent$impl$batching$fake_raf:Ug
reagent$impl$batching$mount_count:Tg
reagent$impl$batching$next_tick:Vg
reagent$impl$batching$queue_render:bh
reagent$impl$batching$ratom_flush:Xg
reagent$impl$batching$render_queue:ah
reagent$impl$batching$run_funs:Yg
reagent$impl$component$_STAR_current_component_STAR_:uh
reagent$impl$component$as_element:xh
reagent$impl$component$built_in_static_method_names:qf
reagent$impl$component$camelify_map_keys:Dh
reagent$impl$component$create_class:Gh
reagent$impl$component$custom_wrapper:Ah
reagent$impl$component$dash_to_method_name:Ch
reagent$impl$component$map_to_js:Fh
reagent$impl$component$obligatory:Bh
reagent$impl$component$props_argv:vh
reagent$impl$component$rat_opts:th
reagent$impl$component$reagent_class_QMARK_:wh
reagent$impl$component$static_fns:zh
reagent$impl$component$wrap_funs:Eh
reagent$impl$component$wrap_render:yh
reagent$impl$template$HiccupTag:Yh
reagent$impl$template$as_element:ci
reagent$impl$template$cache_get:Jh
reagent$impl$template$convert_custom_prop_value:Oh
reagent$impl$template$convert_prop_value:Lh
reagent$impl$template$custom_kv_conv:Nh
reagent$impl$template$custom_prop_name_cache:Mh
reagent$impl$template$expand_seq:ei
reagent$impl$template$find_dom_node:Ph
reagent$impl$template$get_key:Zh
reagent$impl$template$input_component_set_value:Sh
reagent$impl$template$input_handle_change:Th
reagent$impl$template$input_node_set_value:Rh
reagent$impl$template$input_render_setup:Uh
reagent$impl$template$input_spec:Xh
reagent$impl$template$key_from_vec:$h
reagent$impl$template$kv_conv:Kh
reagent$impl$template$make_element:Wh
reagent$impl$template$native_element:bi
reagent$impl$template$prop_name_cache:Ih
reagent$impl$template$re_tag:Hh
reagent$impl$template$reagent_input_class:Vh
reagent$impl$template$tag_name_cache:ai
reagent$impl$template$these_inputs_have_selection_api:Qh
reagent$impl$template$vec_to_elem:di
reagent$impl$util$_STAR_always_update_STAR_:Sg
reagent$impl$util$capitalize:Ng
reagent$impl$util$class_names:Rg
reagent$impl$util$dash_to_prop_name:Og
reagent$impl$util$dont_camel_case:Mg
reagent$impl$util$fun_name:Pg
reagent$impl$util$is_client:Lg
reagent$impl$util$named_QMARK_:Qg
reagent$ratom$RAtom:mh
reagent$ratom$Reaction:ph
reagent$ratom$_STAR_ratom_context_STAR_:dh
reagent$ratom$add_w:gh
reagent$ratom$atom:nh
reagent$ratom$deref_capture:eh
reagent$ratom$dispose_BANG_:oh
reagent$ratom$flush_BANG_:lh
reagent$ratom$handle_reaction_change:Ab
reagent$ratom$make_reaction:qh
reagent$ratom$notify_deref_watcher_BANG_:fh
reagent$ratom$notify_w:ih
reagent$ratom$pr_atom:jh
reagent$ratom$rea_queue:kh
reagent$ratom$remove_w:hh
reagent$ratom$run_in_reaction:sh
reagent$ratom$temp_reaction:rh
shadow$js$files:Ag
shadow$js$jsRequire:Dg
shadow$js$nativeRequires:Bg
shadow$js$requireStack:Cg
